
    + CategoryInfo          : ObjectNotFound: (C:\Users\Neo\Do...ell_profile.ps1:String) [Get-Content], ItemNotFoundEx
   ception
    + FullyQualifiedErrorId : PathNotFound,Microsoft.PowerShell.Commands.GetContentCommand

PS C:\Users\Neo> ls


    ディレクトリ: C:\Users\Neo


Mode                LastWriteTime         Length Name
----                -------------         ------ ----
d-----       2018/06/21     20:43                .cisco
d-----       2020/08/19     18:07                .config
d-----       2018/12/18     21:03                .dotnet
d-----       2021/01/02     15:47                .idlerc
d-----       2020/08/21     12:56                .js-repl
d-----       2018/06/26     20:46                .nuget
d-----       2018/06/26     20:45                .omnisharp
d-----       2021/01/14     18:52                .pylint.d
d-----       2018/06/26     20:45                .templateengine
d-----       2019/12/19     19:20                .vscode
d-r---       2021/01/08     23:41                3D Objects
d-----       2020/04/02     13:57                Apple
d-r---       2021/01/08     23:41                Contacts
d-r---       2021/01/18     19:47                Desktop
d-r---       2021/01/08     23:41                Documents
d-r---       2021/01/15     21:28                Downloads
d-r---       2021/01/08     23:41                Favorites
d-----       2021/01/15     19:49                hubot
d-r---       2021/01/08     23:41                Links
d-r---       2021/01/08     23:41                Music
d-----       2020/08/24     14:13                node_modules
d-r---       2020/12/17     17:30                OneDrive
d-r---       2021/01/08     23:41                Pictures
d-r---       2021/01/08     23:41                Saved Games
d-----       2018/06/27     11:41                script
d-r---       2021/01/08     23:41                Searches
d-----       2018/12/18     20:28                source
d-r---       2021/01/08     23:41                Videos
-a----       2020/09/14     10:15              0 a.coffee
-a----       2020/09/14     10:15           1300 a.js
-a----       2020/08/23     21:11             46 a.sh
-a----       2020/08/24     14:13         299501 package-lock.json
-a----       2020/10/14     11:56            902 ログ.txt


PS C:\Users\Neo> less .\ログ.txt
less : 用語 'less' は、コマンドレット、関数、スクリプト ファイル、または操作可能なプログラムの名前として認識されません
。名前が正しく記述されていることを確認し、パスが含まれている場合はそのパスが正しいことを確認してから、再試行してくださ
い。
発生場所 行:1 文字:1
+ less .\ログ.txt
+ ~~~~
    + CategoryInfo          : ObjectNotFound: (less:String) [], CommandNotFoundException
    + FullyQualifiedErrorId : CommandNotFoundException

PS C:\Users\Neo> more .\ログ.txt
**********************
Windows PowerShell トランスクリプト開始
開始時刻: 20201014115616
ユーザー名: DESKTOP-TE2DP3F\Neo
RunAs ユーザー: DESKTOP-TE2DP3F\Neo
構成名:
コンピューター: DESKTOP-TE2DP3F (Microsoft Windows NT 10.0.18363.0)
ホスト アプリケーション: C:\Windows\System32\WindowsPowerShell\v1.0\powershell.exe
プロセス ID: 1672
PSVersion: 5.1.18362.752
PSEdition: Desktop
PSCompatibleVersions: 1.0, 2.0, 3.0, 4.0, 5.0, 5.1.18362.752
BuildVersion: 10.0.18362.752
CLRVersion: 4.0.30319.42000
WSManStackVersion: 3.0
PSRemotingProtocolVersion: 2.3
SerializationVersion: 1.1.0.1
**********************
トランスクリプトが開始されました。出力ファイル: ログ.txt
PS C:\Users\Neo> cd C:\Users\Neo\hubot
PS C:\Users\Neo\hubot> $env:HUBOT_SLACK_TOKEN = 'xoxb-67223123858-1345500763665-1JAJqxs4iWN9qI48e8cdNy3i'

PS C:\Users\Neo> less .\ログ.txt
less : 用語 'less' は、コマンドレット、関数、スクリプト ファイル、または操作可能なプログラムの名前として認識されません
。名前が正しく記述されていることを確認し、パスが含まれている場合はそのパスが正しいことを確認してから、再試行してくださ
い。
発生場所 行:1 文字:1
+ less .\ログ.txt
+ ~~~~
    + CategoryInfo          : ObjectNotFound: (less:String) [], CommandNotFoundException
    + FullyQualifiedErrorId : CommandNotFoundException

PS C:\Users\Neo> ls .\ログ.txt


    ディレクトリ: C:\Users\Neo


Mode                LastWriteTime         Length Name
----                -------------         ------ ----
-a----       2020/10/14     11:56            902 ログ.txt


PS C:\Users\Neo> cat .\ログ.txt
**********************
Windows PowerShell トランスクリプト開始
開始時刻: 20201014115616
ユーザー名: DESKTOP-TE2DP3F\Neo
RunAs ユーザー: DESKTOP-TE2DP3F\Neo
構成名:
コンピューター: DESKTOP-TE2DP3F (Microsoft Windows NT 10.0.18363.0)
ホスト アプリケーション: C:\Windows\System32\WindowsPowerShell\v1.0\powershell.exe
プロセス ID: 1672
PSVersion: 5.1.18362.752
PSEdition: Desktop
PSCompatibleVersions: 1.0, 2.0, 3.0, 4.0, 5.0, 5.1.18362.752
BuildVersion: 10.0.18362.752
CLRVersion: 4.0.30319.42000
WSManStackVersion: 3.0
PSRemotingProtocolVersion: 2.3
SerializationVersion: 1.1.0.1
**********************
トランスクリプトが開始されました。出力ファイル: ログ.txt
PS C:\Users\Neo> cd C:\Users\Neo\hubot
PS C:\Users\Neo\hubot> $env:HUBOT_SLACK_TOKEN = 'xoxb-67223123858-1345500763665-1JAJqxs4iWN9qI48e8cdNy3i'
PS C:\Users\Neo> notepad .\ログ.txt
PS C:\Users\Neo> Get-PSDrive

Name           Used (GB)     Free (GB) Provider      Root                                               CurrentLocation
----           ---------     --------- --------      ----                                               ---------------
Alias                                  Alias
C                 111.75        818.52 FileSystem    C:\                                                      Users\Neo
Cert                                   Certificate   \
D                                      FileSystem    D:\
Env                                    Environment
Function                               Function
HKCU                                   Registry      HKEY_CURRENT_USER
HKLM                                   Registry      HKEY_LOCAL_MACHINE
Variable                               Variable
WSMan                                  WSMan


PS C:\Users\Neo> get-PSV
get-PSV : 用語 'get-PSV' は、コマンドレット、関数、スクリプト ファイル、または操作可能なプログラムの名前として認識され
ません。名前が正しく記述されていることを確認し、パスが含まれている場合はそのパスが正しいことを確認してから、再試行して
ください。
発生場所 行:1 文字:1
+ get-PSV
+ ~~~~~~~
    + CategoryInfo          : ObjectNotFound: (get-PSV:String) [], CommandNotFoundException
    + FullyQualifiedErrorId : CommandNotFoundException

PS C:\Users\Neo> $PSVersionTable

Name                           Value
----                           -----
PSVersion                      5.1.18362.1171
PSEdition                      Desktop
PSCompatibleVersions           {1.0, 2.0, 3.0, 4.0...}
BuildVersion                   10.0.18362.1171
CLRVersion                     4.0.30319.42000
WSManStackVersion              3.0
PSRemotingProtocolVersion      2.3
SerializationVersion           1.1.0.1


PS C:\Users\Neo> Get-ExecutionPolicy
RemoteSigned
PS C:\Users\Neo> Get-PSDrive

Name           Used (GB)     Free (GB) Provider      Root                                               CurrentLocation
----           ---------     --------- --------      ----                                               ---------------
Alias                                  Alias
C                 111.75        818.52 FileSystem    C:\                                                      Users\Neo
Cert                                   Certificate   \
D                                      FileSystem    D:\
Env                                    Environment
Function                               Function
HKCU                                   Registry      HKEY_CURRENT_USER
HKLM                                   Registry      HKEY_LOCAL_MACHINE
Variable                               Variable
WSMan                                  WSMan


PS C:\Users\Neo> Get-Command -Module ScheduledTasks

CommandType     Name                                               Version    Source
-----------     ----                                               -------    ------
Function        Disable-ScheduledTask                              1.0.0.0    ScheduledTasks
Function        Enable-ScheduledTask                               1.0.0.0    ScheduledTasks
Function        Export-ScheduledTask                               1.0.0.0    ScheduledTasks
Function        Get-ClusteredScheduledTask                         1.0.0.0    ScheduledTasks
Function        Get-ScheduledTask                                  1.0.0.0    ScheduledTasks
Function        Get-ScheduledTaskInfo                              1.0.0.0    ScheduledTasks
Function        New-ScheduledTask                                  1.0.0.0    ScheduledTasks
Function        New-ScheduledTaskAction                            1.0.0.0    ScheduledTasks
Function        New-ScheduledTaskPrincipal                         1.0.0.0    ScheduledTasks
Function        New-ScheduledTaskSettingsSet                       1.0.0.0    ScheduledTasks
Function        New-ScheduledTaskTrigger                           1.0.0.0    ScheduledTasks
Function        Register-ClusteredScheduledTask                    1.0.0.0    ScheduledTasks
Function        Register-ScheduledTask                             1.0.0.0    ScheduledTasks
Function        Set-ClusteredScheduledTask                         1.0.0.0    ScheduledTasks
Function        Set-ScheduledTask                                  1.0.0.0    ScheduledTasks
Function        Start-ScheduledTask                                1.0.0.0    ScheduledTasks
Function        Stop-ScheduledTask                                 1.0.0.0    ScheduledTasks
Function        Unregister-ClusteredScheduledTask                  1.0.0.0    ScheduledTasks
Function        Unregister-ScheduledTask                           1.0.0.0    ScheduledTasks


PS C:\Users\Neo> Get-ScheduledTaskInfo
Get-ScheduledTaskInfo : 指定された名前のパラメーターを使用してパラメーター セットを解決できません。
発生場所 行:1 文字:1
+ Get-ScheduledTaskInfo
+ ~~~~~~~~~~~~~~~~~~~~~
    + CategoryInfo          : InvalidArgument: (:) [Get-ScheduledTaskInfo]、ParameterBindingException
    + FullyQualifiedErrorId : AmbiguousParameterSet,Get-ScheduledTaskInfo

PS C:\Users\Neo> Get-ScheduledTask

TaskPath                                       TaskName                          State
--------                                       --------                          -----
\                                              Adobe Acrobat Update Task         Ready
\                                              Battery Refresh Neo DESKTOP-TE... Ready
\                                              Battery Refresh Wake-up Neo DE... Ready
\                                              btassyDpTask                      Ready
\                                              CLMSConfigUser Task               Ready
\                                              hubot_自動起動                    Disabled
\                                              hubot_起動確認                    Ready
\                                              mtFuncSwitch                      Running
\                                              mtHScroll                         Running
\                                              NECMFK                            Ready
\                                              necNbSchedRun                     Running
\                                              OneDrive Standalone Update Tas... Ready
\                                              Trend Micro Titanium Shortcut     Ready
\Microsoft\Office\                             IMESharePointDictionary           Ready
\Microsoft\Office\                             Office 15 Subscription Heartbeat  Ready
\Microsoft\Office\                             OfficeTelemetryAgentFallBack      Ready
\Microsoft\Office\                             OfficeTelemetryAgentLogOn         Ready
\Microsoft\Windows\.NET Framework\             .NET Framework NGEN v4.0.30319    Ready
\Microsoft\Windows\.NET Framework\             .NET Framework NGEN v4.0.30319 64 Ready
\Microsoft\Windows\.NET Framework\             .NET Framework NGEN v4.0.30319... Disabled
\Microsoft\Windows\.NET Framework\             .NET Framework NGEN v4.0.30319... Disabled
\Microsoft\Windows\Active Directory Rights ... AD RMS Rights Policy Template ... Disabled
\Microsoft\Windows\Active Directory Rights ... AD RMS Rights Policy Template ... Ready
\Microsoft\Windows\AppID\                      PolicyConverter                   Disabled
\Microsoft\Windows\AppID\                      VerifiedPublisherCertStoreCheck   Disabled
\Microsoft\Windows\Application Experience\     Microsoft Compatibility Appraiser Ready
\Microsoft\Windows\Application Experience\     ProgramDataUpdater                Ready
\Microsoft\Windows\Application Experience\     StartupAppTask                    Ready
\Microsoft\Windows\ApplicationData\            appuriverifierdaily               Ready
\Microsoft\Windows\ApplicationData\            appuriverifierinstall             Ready
\Microsoft\Windows\ApplicationData\            CleanupTemporaryState             Ready
\Microsoft\Windows\ApplicationData\            DsSvcCleanup                      Ready
\Microsoft\Windows\AppxDeploymentClient\       Pre-staged app cleanup            Disabled
\Microsoft\Windows\Autochk\                    Proxy                             Ready
\Microsoft\Windows\BitLocker\                  BitLocker Encrypt All Drives      Ready
\Microsoft\Windows\BitLocker\                  BitLocker MDM policy Refresh      Ready
\Microsoft\Windows\Bluetooth\                  UninstallDeviceTask               Ready
\Microsoft\Windows\BrokerInfrastructure\       BgTaskRegistrationMaintenanceTask Ready
\Microsoft\Windows\CertificateServicesClient\  UserTask                          Ready
\Microsoft\Windows\CertificateServicesClient\  UserTask-Roam                     Ready
\Microsoft\Windows\Chkdsk\                     ProactiveScan                     Ready
\Microsoft\Windows\Chkdsk\                     SyspartRepair                     Ready
\Microsoft\Windows\CloudExperienceHost\        CreateObjectTask                  Ready
\Microsoft\Windows\Customer Experience Impr... Consolidator                      Ready
\Microsoft\Windows\Customer Experience Impr... UsbCeip                           Ready
\Microsoft\Windows\Data Integrity Scan\        Data Integrity Scan               Ready
\Microsoft\Windows\Data Integrity Scan\        Data Integrity Scan for Crash ... Ready
\Microsoft\Windows\Defrag\                     ScheduledDefrag                   Ready
\Microsoft\Windows\Device Information\         Device                            Ready
\Microsoft\Windows\Diagnosis\                  RecommendedTroubleshootingScanner Ready
\Microsoft\Windows\Diagnosis\                  Scheduled                         Ready
\Microsoft\Windows\DirectX\                    DirectXDatabaseUpdater            Ready
\Microsoft\Windows\DirectX\                    DXGIAdapterCache                  Ready
\Microsoft\Windows\DiskCleanup\                SilentCleanup                     Ready
\Microsoft\Windows\DiskDiagnostic\             Microsoft-Windows-DiskDiagnost... Disabled
\Microsoft\Windows\DiskDiagnostic\             Microsoft-Windows-DiskDiagnost... Disabled
\Microsoft\Windows\DiskFootprint\              Diagnostics                       Ready
\Microsoft\Windows\DiskFootprint\              StorageSense                      Ready
\Microsoft\Windows\DUSM\                       dusmtask                          Ready
\Microsoft\Windows\EDP\                        EDP App Launch Task               Ready
\Microsoft\Windows\EDP\                        EDP Auth Task                     Ready
\Microsoft\Windows\EDP\                        EDP Inaccessible Credentials Task Ready
\Microsoft\Windows\EDP\                        StorageCardEncryption Task        Ready
\Microsoft\Windows\ExploitGuard\               ExploitGuard MDM policy Refresh   Ready
\Microsoft\Windows\Feedback\Siuf\              DmClient                          Ready
\Microsoft\Windows\Feedback\Siuf\              DmClientOnScenarioDownload        Ready
\Microsoft\Windows\File Classification Infr... Property Definition Sync          Disabled
\Microsoft\Windows\FileHistory\                File History (maintenance mode)   Ready
\Microsoft\Windows\Flighting\FeatureConfig\    ReconcileFeatures                 Ready
\Microsoft\Windows\Flighting\OneSettings\      RefreshCache                      Ready
\Microsoft\Windows\InstallService\             ScanForUpdates                    Ready
\Microsoft\Windows\InstallService\             ScanForUpdatesAsUser              Ready
\Microsoft\Windows\InstallService\             WakeUpAndContinueUpdates          Disabled
\Microsoft\Windows\InstallService\             WakeUpAndScanForUpdates           Disabled
\Microsoft\Windows\LanguageComponentsInstal... Installation                      Ready
\Microsoft\Windows\LanguageComponentsInstal... ReconcileLanguageResources        Ready
\Microsoft\Windows\Location\                   Notifications                     Ready
\Microsoft\Windows\Location\                   WindowsActionDialog               Ready
\Microsoft\Windows\Maintenance\                WinSAT                            Ready
\Microsoft\Windows\Management\Provisioning\    Cellular                          Ready
\Microsoft\Windows\Management\Provisioning\    Logon                             Ready
\Microsoft\Windows\Maps\                       MapsToastTask                     Ready
\Microsoft\Windows\Maps\                       MapsUpdateTask                    Disabled
\Microsoft\Windows\MemoryDiagnostic\           ProcessMemoryDiagnosticEvents     Ready
\Microsoft\Windows\MemoryDiagnostic\           RunFullMemoryDiagnostic           Ready
\Microsoft\Windows\Mobile Broadband Accounts\  MNO Metadata Parser               Ready
\Microsoft\Windows\MUI\                        LPRemove                          Ready
\Microsoft\Windows\Multimedia\                 SystemSoundsService               Running
\Microsoft\Windows\NetTrace\                   GatherNetworkInfo                 Ready
\Microsoft\Windows\NlaSvc\                     WiFiTask                          Ready
\Microsoft\Windows\Offline Files\              Background Synchronization        Disabled
\Microsoft\Windows\Offline Files\              Logon Synchronization             Disabled
\Microsoft\Windows\Plug and Play\              Device Install Group Policy       Ready
\Microsoft\Windows\Plug and Play\              Device Install Reboot Required    Ready
\Microsoft\Windows\Plug and Play\              Sysprep Generalize Drivers        Ready
\Microsoft\Windows\Power Efficiency Diagnos... AnalyzeSystem                     Ready
\Microsoft\Windows\Printing\                   EduPrintProv                      Ready
\Microsoft\Windows\RecoveryEnvironment\        VerifyWinRE                       Disabled
\Microsoft\Windows\Registry\                   RegIdleBackup                     Ready
\Microsoft\Windows\Servicing\                  StartComponentCleanup             Ready
\Microsoft\Windows\SettingSync\                BackgroundUploadTask              Ready
\Microsoft\Windows\SettingSync\                NetworkStateChangeTask            Ready
\Microsoft\Windows\SharedPC\                   Account Cleanup                   Disabled
\Microsoft\Windows\Shell\                      CreateObjectTask                  Ready
\Microsoft\Windows\Shell\                      FamilySafetyMonitor               Ready
\Microsoft\Windows\Shell\                      FamilySafetyMonitorToastTask      Disabled
\Microsoft\Windows\Shell\                      FamilySafetyRefreshTask           Ready
\Microsoft\Windows\Shell\                      IndexerAutomaticMaintenance       Ready
\Microsoft\Windows\SoftwareProtectionPlatform\ SvcRestartTaskLogon               Disabled
\Microsoft\Windows\SpacePort\                  SpaceAgentTask                    Ready
\Microsoft\Windows\SpacePort\                  SpaceManagerTask                  Ready
\Microsoft\Windows\Speech\                     HeadsetButtonPress                Ready
\Microsoft\Windows\StateRepository\            MaintenanceTasks                  Ready
\Microsoft\Windows\Storage Tiers Management\   Storage Tiers Management Initi... Ready
\Microsoft\Windows\Storage Tiers Management\   Storage Tiers Optimization        Disabled
\Microsoft\Windows\Subscription\               EnableLicenseAcquisition          Ready
\Microsoft\Windows\Subscription\               LicenseAcquisition                Disabled
\Microsoft\Windows\Sysmain\                    HybridDriveCachePrepopulate       Disabled
\Microsoft\Windows\Sysmain\                    HybridDriveCacheRebalance         Disabled
\Microsoft\Windows\Sysmain\                    ResPriStaticDbSync                Ready
\Microsoft\Windows\Sysmain\                    WsSwapAssessmentTask              Ready
\Microsoft\Windows\SystemRestore\              SR                                Ready
\Microsoft\Windows\Task Manager\               Interactive                       Ready
\Microsoft\Windows\termsrv\RemoteFX\           RemoteFXvGPUDisableTask           Ready
\Microsoft\Windows\termsrv\RemoteFX\           RemoteFXWarningTask               Ready
\Microsoft\Windows\TextServicesFramework\      MsCtfMonitor                      Ready
\Microsoft\Windows\Time Synchronization\       ForceSynchronizeTime              Ready
\Microsoft\Windows\Time Synchronization\       SynchronizeTime                   Ready
\Microsoft\Windows\Time Zone\                  SynchronizeTimeZone               Ready
\Microsoft\Windows\UNP\                        RunUpdateNotificationMgr          Ready
\Microsoft\Windows\UPnP\                       UPnPHostConfig                    Ready
\Microsoft\Windows\USB\                        Usb-Notifications                 Ready
\Microsoft\Windows\WCM\                        WiFiTask                          Ready
\Microsoft\Windows\WDI\                        ResolutionHost                    Ready
\Microsoft\Windows\Windows Defender\           Windows Defender Cache Mainten... Ready
\Microsoft\Windows\Windows Defender\           Windows Defender Cleanup          Ready
\Microsoft\Windows\Windows Defender\           Windows Defender Scheduled Scan   Ready
\Microsoft\Windows\Windows Defender\           Windows Defender Verification     Ready
\Microsoft\Windows\Windows Error Reporting\    QueueReporting                    Ready
\Microsoft\Windows\Windows Filtering Platform\ BfeOnServiceStartTypeChange       Ready
\Microsoft\Windows\Windows Media Sharing\      UpdateLibrary                     Ready
\Microsoft\Windows\WindowsColorSystem\         Calibration Loader                Ready
\Microsoft\Windows\WindowsUpdate\              Scheduled Start                   Ready
\Microsoft\Windows\Wininet\                    CacheTask                         Running
\Microsoft\Windows\WlanSvc\                    CDSSync                           Ready
\Microsoft\Windows\Work Folders\               Work Folders Logon Synchroniza... Ready
\Microsoft\Windows\Work Folders\               Work Folders Maintenance Work     Ready
\Microsoft\Windows\Workplace Join\             Automatic-Device-Join             Disabled
\Microsoft\Windows\Workplace Join\             Device-Sync                       Disabled
\Microsoft\Windows\Workplace Join\             Recovery-Check                    Disabled
\Microsoft\Windows\WwanSvc\                    NotificationTask                  Ready
\Microsoft\XblGameSave\                        XblGameSaveTask                   Ready
\Mozilla\                                      Firefox Default Browser Agent ... Ready


PS C:\Users\Neo> where git
PS C:\Users\Neo> where vim
PS C:\Users\Neo> Get-ScheduledTask | Where-Object TaskName -match '^hubot*'

TaskPath                                       TaskName                          State
--------                                       --------                          -----
\                                              hubot_自動起動                    Disabled
\                                              hubot_起動確認                    Ready


PS C:\Users\Neo> Get-ScheduledTask -TaskName hubot_自動起動 | fl


Actions            : {MSFT_TaskExecAction}
Author             : DESKTOP-TE2DP3F\Neo
Date               : 2021-01-15T20:21:42.148208
Description        :
Documentation      :
Principal          : MSFT_TaskPrincipal2
SecurityDescriptor :
Settings           : MSFT_TaskSettings3
Source             :
State              : Disabled
TaskName           : hubot_自動起動
TaskPath           : \
Triggers           : {MSFT_TaskTimeTrigger}
URI                : \hubot_自動起動
Version            :
PSComputerName     :



PS C:\Users\Neo> Get-ScheduledTask -TaskName hubot_起動確認 | fl


Actions            : {MSFT_TaskExecAction}
Author             : DESKTOP-TE2DP3F\Neo
Date               : 2021-01-13T20:46:06.9192108
Description        :
Documentation      :
Principal          : MSFT_TaskPrincipal2
SecurityDescriptor :
Settings           : MSFT_TaskSettings3
Source             :
State              : Ready
TaskName           : hubot_起動確認
TaskPath           : \
Triggers           : {MSFT_TaskTimeTrigger}
URI                : \hubot_起動確認
Version            :
PSComputerName     :



PS C:\Users\Neo>  ( Get-ScheduledTask -TaskName hubot_起動確認).actions


Id               :
Arguments        : -ExecutionPolicy Bypass .\http-ping.ps1
Execute          : C:\Windows\System32\WindowsPowerShell\v1.0\powershell.exe
WorkingDirectory : C:\Users\Neo\hubot
PSComputerName   :



PS C:\Users\Neo> ls *.ps1
PS C:\Users\Neo> ls .\hubot\


    ディレクトリ: C:\Users\Neo\hubot


Mode                LastWriteTime         Length Name
----                -------------         ------ ----
d-----       2020/09/11     13:10                bin
d-----       2021/01/07     17:29                node_modules
d-----       2021/01/13     20:24                scripts
-a----       2016/05/20      6:45            197 .editorconfig
-a----       2016/05/20      6:45             39 .gitignore
-a----       2020/08/24     14:16             13 .hubot_history
-a----       2021/01/07     17:33             21 20210107メモ.txt
-a----       2021/01/07     17:27              2 external-scripts.json
-a----       2021/01/07     17:25            213 external-scripts.json.org
-a----       2021/01/15     19:26            260 http-ping.ps1
-a----       2020/08/24     14:15              2 hubot-scripts.json
-a----       2021/01/15     19:48            345 hubot-start.ps1
-a----       2021/01/07     17:29          40473 package-lock.json
-a----       2021/01/07     17:27            316 package.json
-a----       2020/09/10     11:46            643 package.json.org
-a----       2020/08/24     14:15             24 Procfile
-a----       2020/08/24     14:15           7844 README.md


PS C:\Users\Neo> cat .\hubot\http-ping.ps1
try{
    $resut = Invoke-restmethod "http://localhost:8080/hubot/say?message=test&room=%23ext_neo_hubot_check"
}
catch{
    python.exe "C:\Users\Neo\hubot\scripts\mail\send_hubotmail_slack.py"
    Start-Process "cmd.exe" "/c C:\alarm\alarm.bat"
}
$resut
PS C:\Users\Neo> cat C:\alarm\alarm.bat
@echo off

C:\alarm\play.exe C:\alarm\Alarm.wav

set ACTTIME=%date% %time%
echo %ACTTIME% バッチ起動>>c:\alarm_log.txt
PS C:\Users\Neo> where python
PS C:\Users\Neo> where python.exe
PS C:\Users\Neo> which python.exe
which : 用語 'which' は、コマンドレット、関数、スクリプト ファイル、または操作可能なプログラムの名前として認識されませ
ん。名前が正しく記述されていることを確認し、パスが含まれている場合はそのパスが正しいことを確認してから、再試行してくだ
さい。
発生場所 行:1 文字:1
+ which python.exe
+ ~~~~~
    + CategoryInfo          : ObjectNotFound: (which:String) [], CommandNotFoundException
    + FullyQualifiedErrorId : CommandNotFoundException

PS C:\Users\Neo> python --version
Python 3.6.5
PS C:\Users\Neo> pip list
DEPRECATION: The default format will switch to columns in the future. You can use --format=(legacy|columns) (or define a format=(legacy|columns) in your pip.conf under the [list] section) to disable this warning.
astroid (2.4.2)
colorama (0.4.3)
isort (4.3.21)
lazy-object-proxy (1.4.3)
mccabe (0.6.1)
pip (9.0.3)
pylint (2.5.3)
setuptools (39.0.1)
six (1.15.0)
toml (0.10.1)
typed-ast (1.4.1)
wrapt (1.12.1)
You are using pip version 9.0.3, however version 20.3.3 is available.
You should consider upgrading via the 'python -m pip install --upgrade pip' command.
PS C:\Users\Neo> hostname
DESKTOP-TE2DP3F
PS C:\Users\Neo> ipconfig

Windows IP 構成


イーサネット アダプター イーサネット:

   接続固有の DNS サフィックス . . . . .:
   IPv4 アドレス . . . . . . . . . . . .: 192.168.123.170
   サブネット マスク . . . . . . . . . .: 255.255.255.0
   デフォルト ゲートウェイ . . . . . . .: 192.168.123.1
PS C:\Users\Neo> ping 8.8.8.8

8.8.8.8 に ping を送信しています 32 バイトのデータ:
8.8.8.8 からの応答: バイト数 =32 時間 =5ms TTL=116
8.8.8.8 からの応答: バイト数 =32 時間 =5ms TTL=116
8.8.8.8 からの応答: バイト数 =32 時間 =6ms TTL=116
8.8.8.8 からの応答: バイト数 =32 時間 =5ms TTL=116

8.8.8.8 の ping 統計:
    パケット数: 送信 = 4、受信 = 4、損失 = 0 (0% の損失)、
ラウンド トリップの概算時間 (ミリ秒):
    最小 = 5ms、最大 = 6ms、平均 = 5ms
PS C:\Users\Neo> where curl
PS C:\Users\Neo> cd C:\Users\Neo\Downloads\
PS C:\Users\Neo\Downloads> ls


    ディレクトリ: C:\Users\Neo\Downloads


Mode                LastWriteTime         Length Name
----                -------------         ------ ----
d-----       2020/08/23     20:55                https%3a%2f%2fmirrors.metapeer.com%2fcygwin%2f
d-----       2020/09/14     15:42                未読108390件 - Yahoo!メール_files
-a----       2020/08/21     18:40       89004544 Amazon+WorkSpaces (1).msi
-a----       2020/08/21     18:36       89004544 Amazon+WorkSpaces.msi
-a----       2021/01/15     21:25         336051 exp133.lzh
-a----       2020/09/14     15:45            713 getThreadTitle.zip
-a----       2020/08/19     17:59       19763200 node-v12.18.3-x64.msi
-a----       2020/08/23     20:53        1351699 setup-x86_64.exe
-a----       2020/08/07      8:43       99105048 Teams_windows_x64_s_8D83A62F28E5174-7-0_.exe
-a----       2020/08/21     10:13       50081576 Thunderbird Setup 78.1.1.exe
-a----       2020/09/14     15:42         249174 未読108390件 - Yahoo!メール.html


PS C:\Users\Neo\Downloads> notepad ~/tkg_log.txt
PS C:\Users\Neo\Downloads>

iption : OK
Content           : {80, 75, 3, 4...}
RawContent        : HTTP/1.1 200 OK
                    x-amz-id-2: lkZVApY+mhkopk+z+xDDfXAfm51mOubfW/B5Sf1XZgES7skDAIynMnOtsGB+X9htZQDnAWlVBzo=
                    x-amz-request-id: CC4531FF162B7B58
                    Content-Disposition: attachment; filename=vim82-kaoriya-w...
Headers           : {[x-amz-id-2, lkZVApY+mhkopk+z+xDDfXAfm51mOubfW/B5Sf1XZgES7skDAIynMnOtsGB+X9htZQDnAWlVBzo=], [x-amz
                    -request-id, CC4531FF162B7B58], [Content-Disposition, attachment; filename=vim82-kaoriya-win64-8.2.
                    1287-20200724.zip], [Accept-Ranges, bytes]...}
RawContentLength  : 18141121



PS C:\Users\Neo\Downloads> ls *.zip


    ディレクトリ: C:\Users\Neo\Downloads


Mode                LastWriteTime         Length Name
----                -------------         ------ ----
-a----       2020/09/14     15:45            713 getThreadTitle.zip


PS C:\Users\Neo\Downloads> Invoke-WebRequest -Uri https://github.com/koron/vim-kaoriya/releases/download/v8.2.1287-20200724/vim82-kaoriya-win64-8.2.1287-20200724.zip -OutFile .\vim82.zip
PS C:\Users\Neo\Downloads> ls *.zip


    ディレクトリ: C:\Users\Neo\Downloads


Mode                LastWriteTime         Length Name
----                -------------         ------ ----
-a----       2020/09/14     15:45            713 getThreadTitle.zip
-a----       2021/01/20      9:39       18141121 vim82.zip


PS C:\Users\Neo\Downloads> start .
PS C:\Users\Neo\Downloads> mkdir C:\Users\Neo\Documents\Apps


    ディレクトリ: C:\Users\Neo\Documents


Mode                LastWriteTime         Length Name
----                -------------         ------ ----
d-----       2021/01/20      9:42                Apps


PS C:\Users\Neo\Downloads> mv .\vim82.zip C:\Users\Neo\Documents\Apps\
PS C:\Users\Neo\Downloads> cd ~/Documents/Apps
PS C:\Users\Neo\Documents\Apps> ls *.zip


    ディレクトリ: C:\Users\Neo\Documents\Apps


Mode                LastWriteTime         Length Name
----                -------------         ------ ----
-a----       2021/01/20      9:39       18141121 vim82.zip


PS C:\Users\Neo\Documents\Apps> start .
PS C:\Users\Neo\Documents\Apps> ls


    ディレクトリ: C:\Users\Neo\Documents\Apps


Mode                LastWriteTime         Length Name
----                -------------         ------ ----
d-----       2020/07/24     11:06                vim82-kaoriya-win64
-a----       2021/01/20      9:39       18141121 vim82.zip


PS C:\Users\Neo\Documents\Apps> mkdir Downloads


    ディレクトリ: C:\Users\Neo\Documents\Apps


Mode                LastWriteTime         Length Name
----                -------------         ------ ----
d-----       2021/01/20      9:44                Downloads


PS C:\Users\Neo\Documents\Apps> mv .\vim82.zip .\Downloads\
PS C:\Users\Neo\Documents\Apps> mv .\vim82-kaoriya-win64\ .\vim82
PS C:\Users\Neo\Documents\Apps> ls vim82


    ディレクトリ: C:\Users\Neo\Documents\Apps\vim82


Mode                LastWriteTime         Length Name
----                -------------         ------ ----
d-----       2015/08/27      1:05                lua
d-----       2020/07/24     11:06                origdoc
d-----       2020/07/24     11:06                patch
d-----       2020/07/24     11:06                plugins
d-----       2020/07/24     11:06                switches
d-----       2016/03/14      3:00                vim82
------       2020/07/24     11:03           5532 CHANGES.md
------       2020/07/24     11:06          52736 gvim.exe
------       2020/01/06      1:17           7440 gvimrc
------       2016/01/01     17:56        1024512 iconv.dll
------       2016/01/24     13:31          43008 intl.dll
------       2020/07/18     12:44         485376 lua51.dll
------       2020/07/18     12:44          67584 luajit.exe
------       2011/02/19      0:52         829264 msvcr100.dll
------       2019/12/22     20:46          10568 README.txt
------       2020/07/24     11:06          65024 tee.exe
------       2020/07/24     11:06          52736 vim.exe
------       2020/07/24     11:06        3766784 vim64.dll
------       2019/03/25     22:34          10367 vimrc
------       2020/07/24     11:06          70144 vimrun.exe
------       2017/05/17      1:49         727552 winpty-agent.exe
------       2017/05/17      1:49         640000 winpty.dll
------       2020/07/24     11:06          81920 xxd.exe


PS C:\Users\Neo\Documents\Apps>
PS C:\Users\Neo\Documents\Apps> pwd                                                                                     
Path
----
C:\Users\Neo\Documents\Apps


PS C:\Users\Neo\Documents\Apps> cat $PROFILE                                                                            $doc = "$home\Documents"
New-Alias vim $doc/\Apps\vim82/vim.exe
PS C:\Users\Neo\Documents\Apps>                   


